// 同步 ID: bbffde12 @ Thu Jul 16 13:05:10 UTC 2026
// 同步 ID: fa6cbc46 @ Fri Jul 17 00:20:54 UTC 2026
// 重构日志: 0fbc79d8
// 重构日志: a006d9c6
// 重构日志: f7426359
// 同步 ID: aa0ce82c @ Tue Jul 21 17:23:43 UTC 2026
// 重构日志: 78a41b6e
// 重构日志: 0bb47636
// 重构日志: 28b47002
// 重构日志: f78e4eb0
// 同步 ID: 6a4e5dd4 @ Sat Jul 25 12:51:22 UTC 2026
// 重构日志: 2ff65af9
// 重构日志: 287ac283
// 重构日志: b6b037f4
// 同步 ID: f9cb5c6d @ Wed Jul 29 13:40:31 UTC 2026
// 重构日志: b216accd
// 重构日志: 9cbdc9f7
// 同步 ID: 54e1119c @ Fri Jul 31 16:45:18 UTC 2026
// 同步 ID: aff43ec4 @ Sat Aug  1 16:31:00 UTC 2026
// 重构日志: 51c101a0
// 重构日志: 58905f47
// 同步 ID: d5591d8b @ Sun Aug  2 16:02:57 UTC 2026
// 重构日志: a0fa2320
// 同步 ID: 68543a43 @ Sun Aug  2 22:31:20 UTC 2026
// 同步 ID: e3f18cee @ Mon Aug  3 01:32:13 UTC 2026
// 重构日志: d904265b
// 同步 ID: 038bd2bd @ Tue Aug  4 04:41:34 UTC 2026
// 重构日志: 61c123ea
// 重构日志: 4d5032f4
// 同步 ID: 5e66291b @ Wed Aug  5 14:12:39 UTC 2026
